// Jest Snapshot v1, https://goo.gl/fbAQLP

exports[`contentParser should not crash due to no  1`] = `
<p>
  Now prelude to a link: 
  <a
    href="https://server.com/wp-content/uploads/2019/12/MyPdf.pdf"
    target="_blank"
  >
    Lorem ipsum link text
  </a>
</p>
`;

exports[`contentParser should properly parse inline pdf a 1`] = `
Array [
  <h1
    className="en-mdl-prd-header__title en-format-h1 en-category-heading"
    style={
      Object {
        "textAlign": "center",
      }
    }
  >
    header
  </h1>,
  "
",
  <div>
    
    
    <div
      className="en-space-t-lg"
      style={
        Object {
          "textAlign": "center",
        }
      }
    >
      
        
      <p>
        <span
          className="en-format-semibold"
        >
          lorem psum
        </span>
      </p>
      
        
      <p
        className="en-space-t-sm"
        style={
          Object {
            "textAlign": "center",
          }
        }
      >
        someother text
        <br />
        
            another
      </p>
      
    
    </div>
    
    
    <p
      style={
        Object {
          "textAlign": "center",
        }
      }
    >
       23.01.2020, 26.01.2020, 31.01.2020
    </p>
    
    
    <p
      style={
        Object {
          "textAlign": "center",
        }
      }
    >
      Location
    </p>
    
    
    <hr />
    
    
    <p>
      „Lorem ipsum.
    </p>
    
    
    <p>
      Now prelude to a link: 
      <a
        className=" inline-parsed-img css-0"
        href="/static/c1624b1ea899ec0e662be2d2c55356e2/MyPdf.pdf"
        onClick={[Function]}
        onMouseEnter={[Function]}
      >
        Lorem ipsum link text
      </a>
    </p>
    

  </div>,
  "
",
  <div
    className="wp-video"
    style={
      Object {
        "width": "1280px",
      }
    }
  >
    
    
    <video
      autoplay="1"
      class="wp-video-shortcode"
      controls="controls"
      height="720"
      id="video-9064848-1"
      loop="1"
      poster="/static/c1624b1ea899ec0e662be2d2c55356e2/poster.jpg"
      preload="metadata"
      width="1280"
    >
      
        
      <source
        src="/static/c1624b1ea899ec0e662be2d2c55356e2/video.mp4"
        type="video/mp4"
      />
      
        
      <a
        className=" inline-parsed-img css-0"
        href="/static/c1624b1ea899ec0e662be2d2c55356e2/video.mp4"
        onClick={[Function]}
        onMouseEnter={[Function]}
      >
        https://server.com/wp-content/uploads/2020/01/video.mp4
      </a>
      
    
    </video>
    

  </div>,
  "
",
  <p>
     
  </p>,
  "
",
]
`;
